Archive member included to satisfy reference by file (symbol)

/usr/lib/x86_64-linux-gnu/libc_nonshared.a(pthread_atfork.oS)
                              /tmp/tmp.89AoczS0ff.o (pthread_atfork)

Merging program properties

Removed property 0xc0000002 to merge /lib/x86_64-linux-gnu/crti.o (0x3) and /tmp/tmp.OrK6oCsNsn.o (not found)
Removed property 0xc0000002 to merge /lib/x86_64-linux-gnu/crti.o (not found) and /usr/lib/x86_64-linux-gnu/libc_nonshared.a(pthread_atfork.oS) (0x3)
Removed property 0xc0000002 to merge /lib/x86_64-linux-gnu/crti.o (not found) and /usr/lib/gcc/x86_64-linux-gnu/13/crtendS.o (0x3)
Removed property 0xc0000002 to merge /lib/x86_64-linux-gnu/crti.o (not found) and /lib/x86_64-linux-gnu/crtn.o (0x3)

As-needed library included to satisfy reference by file (symbol)

libgcc_s.so.1                 /tmp/tmp.D8jZPMVzVC.o (_Unwind_GetLanguageSpecificData@@GCC_3.0)
ld-linux-x86-64.so.2          /tmp/tmp.89AoczS0ff.o (__tls_get_addr@@GLIBC_2.3)

Discarded input sections

 .text          0x0000000000000000        0x0 /lib/x86_64-linux-gnu/crti.o
 .data          0x0000000000000000        0x0 /lib/x86_64-linux-gnu/crti.o
 .bss           0x0000000000000000        0x0 /lib/x86_64-linux-gnu/crti.o
 .note.gnu.property
                0x0000000000000000       0x20 /lib/x86_64-linux-gnu/crti.o
 .note.GNU-stack
                0x0000000000000000        0x0 /lib/x86_64-linux-gnu/crti.o
 .data          0x0000000000000000        0x0 /usr/lib/gcc/x86_64-linux-gnu/13/crtbeginS.o
 .note.GNU-stack
                0x0000000000000000        0x0 /usr/lib/gcc/x86_64-linux-gnu/13/crtbeginS.o
 .note.gnu.property
                0x0000000000000000       0x20 /usr/lib/gcc/x86_64-linux-gnu/13/crtbeginS.o
 .text          0x0000000000000000        0x0 /tmp/tmp.OrK6oCsNsn.o
 .llvmbc        0x0000000000000000      0x904 /tmp/tmp.OrK6oCsNsn.o
 .llvmcmd       0x0000000000000000        0x0 /tmp/tmp.OrK6oCsNsn.o
 .comment       0x0000000000000000       0x35 /tmp/tmp.OrK6oCsNsn.o
 .note.GNU-stack
                0x0000000000000000        0x0 /tmp/tmp.OrK6oCsNsn.o
 .text          0x0000000000000000        0x0 /tmp/tmp.PPwa1TJkrn.o
 .llvmbc        0x0000000000000000      0x94c /tmp/tmp.PPwa1TJkrn.o
 .llvmcmd       0x0000000000000000        0x0 /tmp/tmp.PPwa1TJkrn.o
 .comment       0x0000000000000000       0x35 /tmp/tmp.PPwa1TJkrn.o
 .note.GNU-stack
                0x0000000000000000        0x0 /tmp/tmp.PPwa1TJkrn.o
 .text          0x0000000000000000        0x0 /tmp/tmp.f82GZroxwy.o
 .llvmbc        0x0000000000000000      0x908 /tmp/tmp.f82GZroxwy.o
 .llvmcmd       0x0000000000000000        0x0 /tmp/tmp.f82GZroxwy.o
 .comment       0x0000000000000000       0x35 /tmp/tmp.f82GZroxwy.o
 .note.GNU-stack
                0x0000000000000000        0x0 /tmp/tmp.f82GZroxwy.o
 .text          0x0000000000000000        0x0 /tmp/tmp.s0JQesCfKT.o
 .llvmbc        0x0000000000000000      0x90c /tmp/tmp.s0JQesCfKT.o
 .llvmcmd       0x0000000000000000        0x0 /tmp/tmp.s0JQesCfKT.o
 .comment       0x0000000000000000       0x35 /tmp/tmp.s0JQesCfKT.o
 .note.GNU-stack
                0x0000000000000000        0x0 /tmp/tmp.s0JQesCfKT.o
 .text          0x0000000000000000        0x0 /tmp/tmp.cjXAivYowt.o
 .llvmbc        0x0000000000000000      0x908 /tmp/tmp.cjXAivYowt.o
 .llvmcmd       0x0000000000000000        0x0 /tmp/tmp.cjXAivYowt.o
 .comment       0x0000000000000000       0x35 /tmp/tmp.cjXAivYowt.o
 .note.GNU-stack
                0x0000000000000000        0x0 /tmp/tmp.cjXAivYowt.o
 .text          0x0000000000000000        0x0 /tmp/tmp.xF0J8h7eRg.o
 .llvmbc        0x0000000000000000      0x9a8 /tmp/tmp.xF0J8h7eRg.o
 .llvmcmd       0x0000000000000000        0x0 /tmp/tmp.xF0J8h7eRg.o
 .comment       0x0000000000000000       0x35 /tmp/tmp.xF0J8h7eRg.o
 .note.GNU-stack
                0x0000000000000000        0x0 /tmp/tmp.xF0J8h7eRg.o
 .text          0x0000000000000000        0x0 /tmp/tmp.mdbg0XX9Cp.o
 .llvmbc        0x0000000000000000      0x914 /tmp/tmp.mdbg0XX9Cp.o
 .llvmcmd       0x0000000000000000        0x0 /tmp/tmp.mdbg0XX9Cp.o
 .comment       0x0000000000000000       0x35 /tmp/tmp.mdbg0XX9Cp.o
 .note.GNU-stack
                0x0000000000000000        0x0 /tmp/tmp.mdbg0XX9Cp.o
 .text          0x0000000000000000        0x0 /tmp/tmp.j3yfQulaib.o
 .llvmbc        0x0000000000000000     0x1660 /tmp/tmp.j3yfQulaib.o
 .llvmcmd       0x0000000000000000        0x0 /tmp/tmp.j3yfQulaib.o
 .text.unlikely.
                0x0000000000000000        0x7 /tmp/tmp.j3yfQulaib.o
 .note.GNU-stack
                0x0000000000000000        0x0 /tmp/tmp.j3yfQulaib.o
 .text          0x0000000000000000        0x0 /tmp/tmp.6e5KvxokMD.o
 .llvmbc        0x0000000000000000      0x91c /tmp/tmp.6e5KvxokMD.o
 .llvmcmd       0x0000000000000000        0x0 /tmp/tmp.6e5KvxokMD.o
 .comment       0x0000000000000000       0x35 /tmp/tmp.6e5KvxokMD.o
 .note.GNU-stack
                0x0000000000000000        0x0 /tmp/tmp.6e5KvxokMD.o
[...]
Memory Configuration

Name             Origin             Length             Attributes
*default*        0x0000000000000000 0xffffffffffffffff

Linker script and memory map

LOAD /lib/x86_64-linux-gnu/crti.o
LOAD /usr/lib/gcc/x86_64-linux-gnu/13/crtbeginS.o
LOAD /tmp/tmp.OrK6oCsNsn.o
LOAD /tmp/tmp.PPwa1TJkrn.o
LOAD /tmp/tmp.f82GZroxwy.o
LOAD /tmp/tmp.s0JQesCfKT.o
LOAD /tmp/tmp.cjXAivYowt.o
LOAD /tmp/tmp.xF0J8h7eRg.o
LOAD /tmp/tmp.mdbg0XX9Cp.o
LOAD /tmp/tmp.j3yfQulaib.o
LOAD /tmp/tmp.6e5KvxokMD.o
LOAD /tmp/tmp.Id33GtFumh.o
LOAD /tmp/tmp.VEAnte2RAm.o
LOAD /tmp/tmp.KNhB0jxCKO.o
LOAD /tmp/tmp.syK6EbHcbB.o
LOAD /tmp/tmp.bZ0aV1L3fn.o
LOAD /tmp/tmp.7uPBgNMIu9.o
LOAD /tmp/tmp.SCI1S0ZHP3.o
LOAD /tmp/tmp.pLrmRvensU.o
LOAD /tmp/tmp.OIFpfvzwVL.o
LOAD /tmp/tmp.0goGHlkpww.o
LOAD /tmp/tmp.CLB4nl42rv.o
LOAD /tmp/tmp.r4rtb01JE4.o
LOAD /tmp/tmp.kU63ct4OEw.o
LOAD /tmp/tmp.ulsQZDpZaw.o
LOAD /tmp/tmp.GmCGVXi61h.o
LOAD /tmp/tmp.G0l4hw5DBW.o
LOAD /tmp/tmp.4EL008nJMP.o
LOAD /tmp/tmp.89AoczS0ff.o
LOAD /tmp/tmp.I7L0dWE8i3.o
LOAD /tmp/tmp.pSJa72IgzN.o
LOAD /tmp/tmp.rtRw69Ijr8.o
LOAD /tmp/tmp.Rn1bTeSI4h.o
LOAD /tmp/tmp.pC7nQr2s1X.o
LOAD /tmp/tmp.ATq66IoC96.o
LOAD /tmp/tmp.KBfwRHKIpd.o
LOAD /tmp/tmp.3A06UqNz5c.o
LOAD /tmp/tmp.XUEZrZqrUw.o
LOAD /tmp/tmp.CpWGVVMbdS.o
LOAD /tmp/tmp.YiR61SWuBv.o
LOAD /tmp/tmp.tv7PXhWxYg.o
LOAD /tmp/tmp.32jn7A6SFM.o
LOAD /tmp/tmp.Wwl2WY2avE.o
LOAD /tmp/tmp.QZE4G5uqjC.o
LOAD /tmp/tmp.6imBTgUTWg.o
LOAD /tmp/tmp.lLhsRXLX1d.o
LOAD /tmp/tmp.PbCtO6VaP3.o
LOAD /tmp/tmp.H2TKo5E1Fl.o
LOAD /tmp/tmp.AlLf1EIJ8v.o
LOAD /tmp/tmp.xtgCFTpEev.o
LOAD /tmp/tmp.tLdesaKPz2.o
LOAD /tmp/tmp.KIIM4mYzbZ.o
LOAD /tmp/tmp.iTo967gG05.o
LOAD /tmp/tmp.QwmtFomeGj.o
LOAD /tmp/tmp.D8jZPMVzVC.o
LOAD /tmp/tmp.5nbK0U4C08.o
LOAD /lib/x86_64-linux-gnu/libm.so
START GROUP
LOAD /lib/x86_64-linux-gnu/libm.so.6
LOAD /lib/x86_64-linux-gnu/libmvec.so.1
END GROUP
LOAD /root/.rustup/toolchains/nightly-2025-02-10-x86_64-unknown-linux-gnu/lib/rustlib/x86_64-unknown-linux-gnu/lib/libstd.so
LOAD /usr/lib/gcc/x86_64-linux-gnu/13/libgcc.a
LOAD /usr/lib/gcc/x86_64-linux-gnu/13/libgcc_s.so
START GROUP
LOAD /lib/x86_64-linux-gnu/libgcc_s.so.1
LOAD /usr/lib/gcc/x86_64-linux-gnu/13/libgcc.a
END GROUP
LOAD /lib/x86_64-linux-gnu/libc.so
START GROUP
LOAD /lib/x86_64-linux-gnu/libc.so.6
LOAD /usr/lib/x86_64-linux-gnu/libc_nonshared.a
LOAD /lib64/ld-linux-x86-64.so.2
END GROUP
LOAD /usr/lib/gcc/x86_64-linux-gnu/13/libgcc.a
LOAD /usr/lib/gcc/x86_64-linux-gnu/13/libgcc_s.so
START GROUP
LOAD /lib/x86_64-linux-gnu/libgcc_s.so.1
LOAD /usr/lib/gcc/x86_64-linux-gnu/13/libgcc.a
END GROUP
LOAD /usr/lib/gcc/x86_64-linux-gnu/13/crtendS.o
LOAD /lib/x86_64-linux-gnu/crtn.o
                0x0000000000000238                . = (SEGMENT_START ("text-segment", 0x0) + SIZEOF_HEADERS)

.note.gnu.build-id
 *(.note.gnu.build-id)

.hash
 *(.hash)

.gnu.hash       0x0000000000000238       0x30
 *(.gnu.hash)
 .gnu.hash      0x0000000000000238       0x30 /lib/x86_64-linux-gnu/crti.o

.dynsym         0x0000000000000268     0x1188
 *(.dynsym)
 .dynsym        0x0000000000000268     0x1188 /lib/x86_64-linux-gnu/crti.o

.dynstr         0x00000000000013f0      0x9c5
 *(.dynstr)
 .dynstr        0x00000000000013f0      0x9c5 /lib/x86_64-linux-gnu/crti.o

.gnu.version    0x0000000000001db6      0x176
 *(.gnu.version)
 .gnu.version   0x0000000000001db6      0x176 /lib/x86_64-linux-gnu/crti.o

.gnu.version_d  0x0000000000001f30        0x0
 *(.gnu.version_d)
 .gnu.version_d
                0x0000000000001f30        0x0 /lib/x86_64-linux-gnu/crti.o

.gnu.version_r  0x0000000000001f30      0x1e0
 *(.gnu.version_r)
 .gnu.version_r
                0x0000000000001f30      0x1e0 /lib/x86_64-linux-gnu/crti.o

.rela.dyn       0x0000000000002110    0x12fc0
 *(.rela.init)
 *(.rela.text .rela.text.* .rela.gnu.linkonce.t.*)
 .rela.text     0x0000000000002110        0x0 /lib/x86_64-linux-gnu/crti.o
 *(.rela.fini)
 *(.rela.rodata .rela.rodata.* .rela.gnu.linkonce.r.*)
 *(.rela.data .rela.data.* .rela.gnu.linkonce.d.*)
 .rela.data.rel.local
                0x0000000000002110       0x18 /lib/x86_64-linux-gnu/crti.o
 .rela.data.DW.ref.rust_eh_personality
                0x0000000000002128       0x18 /lib/x86_64-linux-gnu/crti.o
 .rela.data.rel.ro
                0x0000000000002140    0x11ca0 /lib/x86_64-linux-gnu/crti.o
 .rela.data     0x0000000000013de0       0xd8 /lib/x86_64-linux-gnu/crti.o
 *(.rela.tdata .rela.tdata.* .rela.gnu.linkonce.td.*)
 *(.rela.tbss .rela.tbss.* .rela.gnu.linkonce.tb.*)
 *(.rela.ctors)
 *(.rela.dtors)
 *(.rela.got)
 .rela.got      0x0000000000013eb8     0x11d0 /lib/x86_64-linux-gnu/crti.o
 *(.rela.bss .rela.bss.* .rela.gnu.linkonce.b.*)
 *(.rela.ldata .rela.ldata.* .rela.gnu.linkonce.l.*)
 *(.rela.lbss .rela.lbss.* .rela.gnu.linkonce.lb.*)
 *(.rela.lrodata .rela.lrodata.* .rela.gnu.linkonce.lr.*)
 *(.rela.ifunc)
 .rela.ifunc    0x0000000000015088        0x0 /lib/x86_64-linux-gnu/crti.o
 .rela.fini_array
                0x0000000000015088       0x18 /lib/x86_64-linux-gnu/crti.o
 .rela.init_array
                0x00000000000150a0       0x18 /lib/x86_64-linux-gnu/crti.o
 .rela.eh_frame
                0x00000000000150b8        0x0 /lib/x86_64-linux-gnu/crti.o
 .rela.init_array.00099
                0x00000000000150b8       0x18 /lib/x86_64-linux-gnu/crti.o

.rela.plt       0x00000000000150d0       0x30
 *(.rela.plt)
 .rela.plt      0x00000000000150d0       0x30 /lib/x86_64-linux-gnu/crti.o
 *(.rela.iplt)

.relr.dyn
 *(.relr.dyn)
                0x0000000000016000                . = ALIGN (CONSTANT (MAXPAGESIZE))

.init           0x0000000000016000       0x1b
 *(SORT_NONE(.init))
 .init          0x0000000000016000       0x16 /lib/x86_64-linux-gnu/crti.o
                0x0000000000016000                _init
 .init          0x0000000000016016        0x5 /lib/x86_64-linux-gnu/crtn.o

.plt            0x0000000000016020       0x30
 *(.plt)
 .plt           0x0000000000016020       0x30 /lib/x86_64-linux-gnu/crti.o
 *(.iplt)

.plt.got        0x0000000000016050       0x10
 *(.plt.got)
 .plt.got       0x0000000000016050       0x10 /lib/x86_64-linux-gnu/crti.o

.plt.sec
 *(.plt.sec)

.text           0x0000000000016060   0x1e46ee
 *(.text.unlikely .text.*_unlikely .text.unlikely.*)
 .text.unlikely.
                0x0000000000016060      0x57a /tmp/tmp.SCI1S0ZHP3.o
                0x0000000000016060                std_detect::detect::cache::detect_and_initialize
 *fill*         0x00000000000165da        0x6 
 .text.unlikely.
                0x00000000000165e0      0x533 /tmp/tmp.pSJa72IgzN.o
 *fill*         0x0000000000016b13        0xd 
 .text.unlikely.
                0x0000000000016b20      0x523 /tmp/tmp.XUEZrZqrUw.o
                0x0000000000016f30                anyhow::error::<impl anyhow::Error>::chain
                0x0000000000016f60                anyhow::error::<impl core::convert::From<anyhow::Error> for alloc::boxed::Box<dyn core::error::Error>>::from
                0x0000000000016f60                anyhow::error::<impl core::convert::From<anyhow::Error> for alloc::boxed::Box<dyn core::error::Error+core::marker::Send>>::from
                0x0000000000016f60                anyhow::error::<impl core::convert::From<anyhow::Error> for alloc::boxed::Box<dyn core::error::Error+core::marker::Sync+core::marker::Send>>::from
                0x0000000000016f70                anyhow::kind::Boxed::new
                0x0000000000016f70                anyhow::error::<impl anyhow::Error>::from_boxed
 *fill*         0x0000000000017043        0xd 
 .text.unlikely.
                0x0000000000017050       0x56 /tmp/tmp.tv7PXhWxYg.o
                0x0000000000017050                memchr::arch::all::rabinkarp::is_equal_raw
 *fill*         0x00000000000170a6        0xa 
 .text.unlikely.
                0x00000000000170b0      0x2f0 /tmp/tmp.Wwl2WY2avE.o
                0x00000000000170b0                core::panicking::assert_failed
                0x00000000000171fc                alloc::raw_vec::handle_error
                0x0000000000017210                alloc::alloc::handle_alloc_error
                0x0000000000017220                alloc::vec::Vec<T,A>::swap_remove::assert_failed
                0x0000000000017280                alloc::vec::Vec<T,A>::insert::assert_failed
                0x00000000000172e0                alloc::vec::Vec<T,A>::remove::assert_failed
                0x0000000000017340                alloc::vec::Vec<T,A>::split_off::assert_failed
 .text.unlikely.
                0x00000000000173a0     0x1512 /tmp/tmp.H2TKo5E1Fl.o
                0x0000000000017670                serde_json::de::Deserializer<R>::parse_long_integer
                0x00000000000177f0                serde_json::de::Deserializer<R>::parse_decimal_overflow
                0x0000000000017950                serde_json::de::Deserializer<R>::parse_exponent_overflow
                0x00000000000179f0                serde_json::error::Error::syntax
                0x0000000000017a80                serde_json::error::Error::io
                0x0000000000017c70                <serde_json::error::Error as serde::de::Error>::invalid_type
                0x0000000000017d00                <serde_json::error::Error as serde::de::Error>::invalid_value
                0x0000000000017dd0                serde_json::value::de::<impl serde_json::value::Value>::unexpected
 *fill*         0x00000000000188b2        0xe 
 .text.unlikely.
                0x00000000000188c0     0x112e /tmp/tmp.AlLf1EIJ8v.o
 *fill*         0x00000000000199ee        0x2 
 .text.unlikely.
                0x00000000000199f0      0xf38 /tmp/tmp.KIIM4mYzbZ.o
                0x00000000000199f0                core::num::int_log10::panic_for_nonpositive_argument
                0x0000000000019a30                core::num::int_sqrt::panic_for_negative_argument
                0x0000000000019a70                core::num::overflow_panic::add
                0x0000000000019ab0                core::num::overflow_panic::sub
                0x0000000000019af0                core::num::overflow_panic::mul
                0x0000000000019b30                core::num::overflow_panic::div
                0x0000000000019b70                core::num::overflow_panic::rem
                0x0000000000019bb0                core::num::overflow_panic::neg
                0x0000000000019bf0                core::num::overflow_panic::shr
                0x0000000000019c30                core::num::overflow_panic::shl
                0x0000000000019c70                core::num::from_ascii_radix_panic
                0x0000000000019c80                core::cell::lazy::panic_poisoned
                0x0000000000019cc0                core::cell::panic_already_borrowed
                0x0000000000019d20                core::cell::panic_already_mutably_borrowed
                0x0000000000019d80                core::option::unwrap_failed
                0x0000000000019da0                core::option::expect_failed
                0x0000000000019e10                core::panicking::panic_fmt
                0x0000000000019e30                core::panicking::panic_nounwind_fmt
                0x0000000000019e80                core::panicking::panic
                0x0000000000019ec0                core::panicking::panic_nounwind
                0x0000000000019f10                core::panicking::panic_nounwind_nobacktrace
                0x0000000000019f60                core::panicking::panic_explicit
                0x0000000000019fbb                core::panicking::panic_bounds_check
                0x000000000001a017                core::panicking::panic_misaligned_pointer_dereference
                0x000000000001a0b5                core::panicking::panic_null_pointer_dereference
                0x000000000001a0ea                core::panicking::panic_cannot_unwind
                0x000000000001a0fb                core::panicking::panic_in_cleanup
                0x000000000001a10c                core::panicking::assert_failed
                0x000000000001a13a                core::panicking::assert_failed
                0x000000000001a168                core::panicking::assert_failed_inner
                0x000000000001a2c0                core::result::unwrap_failed
                0x000000000001a350                core::slice::sort::shared::smallsort::panic_on_ord_violation
                0x000000000001a390                core::slice::index::slice_start_index_len_fail
                0x000000000001a3a0                core::slice::index::slice_end_index_len_fail
                0x000000000001a3b0                core::slice::index::slice_index_order_fail
                0x000000000001a3c0                core::slice::index::slice_start_index_overflow_fail
                0x000000000001a400                core::slice::index::slice_end_index_overflow_fail
                0x000000000001a440                core::slice::<impl [T]>::copy_from_slice::len_mismatch_fail
                0x000000000001a450                core::str::traits::str_index_overflow_fail
                0x000000000001a490                core::str::slice_error_fail
                0x000000000001a4a0                core::intrinsics::mir::Offset::panic_cold_explicit
                0x000000000001a4a0                core::intrinsics::mir::PtrMetadata::panic_cold_explicit
                0x000000000001a4a0                core::intrinsics::mir::UnwindResume::panic_cold_explicit
                0x000000000001a4a0                core::intrinsics::mir::Retag::panic_cold_explicit
                0x000000000001a4a0                core::intrinsics::mir::Checked::panic_cold_explicit
                0x000000000001a4a0                core::intrinsics::mir::Call::panic_cold_explicit
                0x000000000001a4a0                core::intrinsics::mir::CastPtrToPtr::panic_cold_explicit
                0x000000000001a4a0                core::intrinsics::mir::CastTransmute::panic_cold_explicit
                0x000000000001a4a0                core::intrinsics::mir::UnwindUnreachable::panic_cold_explicit
                0x000000000001a4a0                core::intrinsics::mir::Drop::panic_cold_explicit
                0x000000000001a4a0                core::intrinsics::mir::StorageDead::panic_cold_explicit
                0x000000000001a4a0                core::intrinsics::mir::Assume::panic_cold_explicit
                0x000000000001a4a0                core::intrinsics::mir::StorageLive::panic_cold_explicit
                0x000000000001a4a0                core::intrinsics::mir::Variant::panic_cold_explicit
                0x000000000001a4a0                core::intrinsics::mir::__debuginfo::panic_cold_explicit
                0x000000000001a4a0                core::intrinsics::mir::Unreachable::panic_cold_explicit
                0x000000000001a4a0                core::intrinsics::mir::Move::panic_cold_explicit
                0x000000000001a4a0                core::intrinsics::mir::SetDiscriminant::panic_cold_explicit
                0x000000000001a4a0                core::intrinsics::mir::Deinit::panic_cold_explicit
                0x000000000001a4a0                core::intrinsics::mir::TailCall::panic_cold_explicit
                0x000000000001a4a0                core::intrinsics::mir::Return::panic_cold_explicit
                0x000000000001a4a0                core::intrinsics::mir::CopyForDeref::panic_cold_explicit
                0x000000000001a4a0                core::intrinsics::mir::Len::panic_cold_explicit
                0x000000000001a4a0                core::intrinsics::mir::Static::panic_cold_explicit
                0x000000000001a4a0                core::intrinsics::mir::Goto::panic_cold_explicit
                0x000000000001a4a0                core::intrinsics::mir::__internal_make_place::panic_cold_explicit
                0x000000000001a4a0                core::intrinsics::mir::UnwindCleanup::panic_cold_explicit
                0x000000000001a4a0                core::intrinsics::mir::Field::panic_cold_explicit
                0x000000000001a4a0                core::intrinsics::mir::UnwindContinue::panic_cold_explicit
                0x000000000001a4a0                core::intrinsics::mir::StaticMut::panic_cold_explicit
                0x000000000001a4a0                core::intrinsics::mir::UnwindTerminate::panic_cold_explicit
                0x000000000001a4a0                core::intrinsics::mir::ReturnTo::panic_cold_explicit
                0x000000000001a4a0                core::intrinsics::mir::Discriminant::panic_cold_explicit
                0x000000000001a4b0                core::panicking::panic_const::panic_const_add_overflow
                0x000000000001a4f0                core::panicking::panic_const::panic_const_sub_overflow
                0x000000000001a530                core::panicking::panic_const::panic_const_mul_overflow
                0x000000000001a570                core::panicking::panic_const::panic_const_div_overflow
                0x000000000001a5b0                core::panicking::panic_const::panic_const_rem_overflow
                0x000000000001a5f0                core::panicking::panic_const::panic_const_neg_overflow
                0x000000000001a630                core::panicking::panic_const::panic_const_shr_overflow
                0x000000000001a670                core::panicking::panic_const::panic_const_shl_overflow
                0x000000000001a6b0                core::panicking::panic_const::panic_const_div_by_zero
                0x000000000001a6f0                core::panicking::panic_const::panic_const_rem_by_zero
                0x000000000001a730                core::panicking::panic_const::panic_const_coroutine_resumed
                0x000000000001a770                core::panicking::panic_const::panic_const_async_fn_resumed
                0x000000000001a7b0                core::panicking::panic_const::panic_const_async_gen_fn_resumed
                0x000000000001a7f0                core::panicking::panic_const::panic_const_gen_fn_none
                0x000000000001a830                core::panicking::panic_const::panic_const_coroutine_resumed_panic
                0x000000000001a870                core::panicking::panic_const::panic_const_async_fn_resumed_panic
                0x000000000001a8b0                core::panicking::panic_const::panic_const_async_gen_fn_resumed_panic
                0x000000000001a8f0                core::panicking::panic_const::panic_const_gen_fn_none_panic
 *fill*         0x000000000001a928        0x8 
 .text.unlikely.
                0x000000000001a930      0xb0a /tmp/tmp.QwmtFomeGj.o
 *fill*         0x000000000001b43a        0x6 
 .text.unlikely.
                0x000000000001b440     0x516a /tmp/tmp.D8jZPMVzVC.o
                0x000000000001b48e                core::panicking::assert_failed
                0x000000000001b502                core::panicking::assert_failed
                0x000000000001b576                core::panicking::assert_failed
                0x000000000001bfc0                std::thread::local::panic_access_error
                0x000000000001c0c0                std::io::buffered::bufwriter::BufWriter<W>::write_cold
                0x000000000001c310                std::io::buffered::bufwriter::BufWriter<W>::write_all_cold
                0x000000000001c700                std::process::abort
                0x000000000001c740                std::sync::mpmc::context::Context::new
                0x000000000001cb80                std::sync::lazy_lock::panic_poisoned
                0x000000000001e490                std::panicking::panic_count::is_zero_slow_path
                0x000000000001e4e3                std::panicking::try::cleanup
                0x000000000001e563                std::panicking::begin_panic
                0x000000000001e6a0                std::sys::sync::mutex::futex::Mutex::lock_contended
                0x000000000001ea30                std::sys::sync::mutex::futex::Mutex::wake
                0x000000000001eff0                std::sys::sync::once::futex::Once::call
                0x000000000001f790                std::sys::sync::rwlock::futex::RwLock::read_contended
                0x000000000001fc60                std::sys::sync::rwlock::futex::RwLock::write_contended
                0x00000000000200a0                std::sys::sync::rwlock::futex::RwLock::wake_writer_or_readers
 *fill*         0x00000000000205aa        0x6 
 .text.unlikely.
                0x00000000000205b0      0x34e /tmp/tmp.5nbK0U4C08.o
 *(.text.exit .text.exit.*)
 *(.text.startup .text.startup.*)
 *(.text.hot .text.hot.*)
 *(SORT_BY_NAME(.text.sorted.*))
 *(.text .stub .text.* .gnu.linkonce.t.*)
 *fill*         0x00000000000208fe        0x2 
 .text          0x0000000000020900       0xb9 /usr/lib/gcc/x86_64-linux-gnu/13/crtbeginS.o
 *fill*         0x00000000000209b9        0x7 
 .text          0x00000000000209c0      0x35c /tmp/tmp.SCI1S0ZHP3.o
                0x00000000000209d0                std_detect::detect::arch::x86::Feature::to_str
 *fill*         0x0000000000020d1c        0x4 
 .text          0x0000000000020d20      0x205 /tmp/tmp.OIFpfvzwVL.o
                0x0000000000020e10                __rust_panic_cleanup
                0x0000000000020e70                __rust_start_panic
 *fill*         0x0000000000020f25        0xb 
 .text          0x0000000000020f30     0x161a /tmp/tmp.G0l4hw5DBW.o
                0x00000000000210a0                ryu::pretty::format64
                0x00000000000219b0                ryu::pretty::format32
 *fill*         0x000000000002254a        0x6 
 .text          0x0000000000022550      0xde0 /tmp/tmp.pSJa72IgzN.o
                0x0000000000022ca0                entry_point
 .text          0x0000000000023330      0x74e /tmp/tmp.Rn1bTeSI4h.o
                0x0000000000023360                libloading::os::unix::Library::close
                0x00000000000233f0                <libloading::os::unix::Library as core::ops::drop::Drop>::drop
                0x0000000000023400                <libloading::os::unix::Library as core::fmt::Debug>::fmt
                0x00000000000234c0                libloading::util::cstr_cow_from_bytes
                0x0000000000023580                <libloading::error::DlDescription as core::fmt::Debug>::fmt
                0x0000000000023590                <libloading::error::DlDescription as core::convert::From<&core::ffi::c_str::CStr>>::from
                0x00000000000235a0                <libloading::error::WindowsError as core::fmt::Debug>::fmt
                0x00000000000235b0                <libloading::error::Error as core::fmt::Display>::fmt
                0x0000000000023930                libloading::safe::Library::close
                0x00000000000239c0                <libloading::safe::Library as core::fmt::Debug>::fmt
 *fill*         0x0000000000023a7e        0x2 
 .text          0x0000000000023a80     0x15c2 /tmp/tmp.KBfwRHKIpd.o
                0x0000000000023b10                <serde::de::value::Error as core::fmt::Debug>::fmt
                0x0000000000023b60                <serde::de::value::ExpectedInSeq as serde::de::Expected>::fmt
                0x0000000000023be0                <serde::de::value::ExpectedInMap as serde::de::Expected>::fmt
                0x0000000000023c60                <serde::de::ignored_any::IgnoredAny as serde::de::Visitor>::expecting
                0x0000000000023c80                <serde::de::impls::UnitVisitor as serde::de::Visitor>::expecting
                0x0000000000023ca0                <serde::de::impls::BoolVisitor as serde::de::Visitor>::expecting
                0x0000000000023cc0                <serde::de::impls::CharVisitor as serde::de::Visitor>::expecting
                0x0000000000023ce0                <serde::de::impls::StringVisitor as serde::de::Visitor>::expecting
                0x0000000000023ce0                <serde::__private::de::borrow_cow_str::CowStrVisitor as serde::de::Visitor>::expecting
                0x0000000000023d00                <serde::de::impls::StringInPlaceVisitor as serde::de::Visitor>::expecting
                0x0000000000023d20                <serde::de::impls::StrVisitor as serde::de::Visitor>::expecting
                0x0000000000023d40                <serde::de::impls::BytesVisitor as serde::de::Visitor>::expecting
                0x0000000000023d60                <serde::de::impls::CStringVisitor as serde::de::Visitor>::expecting
                0x0000000000023d80                <serde::de::impls::PathVisitor as serde::de::Visitor>::expecting
                0x0000000000023da0                <serde::de::impls::PathBufVisitor as serde::de::Visitor>::expecting
                0x0000000000023dc0                <serde::de::impls::OsStringVisitor as serde::de::Visitor>::expecting
                0x0000000000023de0                <<serde::de::impls::<impl serde::de::Deserialize for core::time::Duration>::deserialize::Field as serde::de::Deserialize>::deserialize::FieldVisitor as serde::de::Visitor>::expecting
                0x0000000000023e00                <serde::de::impls::<impl serde::de::Deserialize for core::time::Duration>::deserialize::DurationVisitor as serde::de::Visitor>::expecting
                0x0000000000023e20                <<serde::de::impls::<impl serde::de::Deserialize for std::time::SystemTime>::deserialize::Field as serde::de::Deserialize>::deserialize::FieldVisitor as serde::de::Visitor>::expecting
                0x0000000000023e40                <serde::de::impls::<impl serde::de::Deserialize for std::time::SystemTime>::deserialize::DurationVisitor as serde::de::Visitor>::expecting
                0x0000000000023e60                <<serde::de::impls::range::Field as serde::de::Deserialize>::deserialize::FieldVisitor as serde::de::Visitor>::expecting
                0x0000000000023e80                <<serde::de::impls::range_from::Field as serde::de::Deserialize>::deserialize::FieldVisitor as serde::de::Visitor>::expecting
                0x0000000000023ea0                <<serde::de::impls::range_to::Field as serde::de::Deserialize>::deserialize::FieldVisitor as serde::de::Visitor>::expecting
                0x0000000000023ec0                <<serde::de::impls::<impl serde::de::Deserialize for core::ops::range::Bound<T>>::deserialize::Field as serde::de::Deserialize>::deserialize::FieldVisitor as serde::de::Visitor>::expecting
                0x0000000000023ee0                <<serde::de::impls::<impl serde::de::Deserialize for core::result::Result<T,E>>::deserialize::Field as serde::de::Deserialize>::deserialize::FieldVisitor as serde::de::Visitor>::expecting
                0x0000000000023f00                <serde::de::Unexpected as core::fmt::Display>::fmt
                0x0000000000024110                <serde::de::value::Error as core::fmt::Display>::fmt
                0x0000000000024110                <&str as serde::de::Expected>::fmt
                0x0000000000024130                <dyn serde::de::Expected as core::fmt::Display>::fmt
                0x0000000000024140                <serde::de::OneOf as core::fmt::Display>::fmt
                0x0000000000024390                <serde::de::WithDecimalPoint as core::fmt::Display>::fmt
                0x00000000000244a0                <<serde::de::WithDecimalPoint as core::fmt::Display>::fmt::LookForDecimalPoint as core::fmt::Write>::write_str
                0x0000000000024510                <<serde::de::WithDecimalPoint as core::fmt::Display>::fmt::LookForDecimalPoint as core::fmt::Write>::write_char
                0x0000000000024530                serde::ser::fmt::<impl serde::ser::Serializer for &mut core::fmt::Formatter>::serialize_unit_variant
                0x0000000000024540                serde::format::Buf::as_str
                0x0000000000024570                <serde::format::Buf as core::fmt::Write>::write_str
                0x00000000000245c0                <serde::__private::de::borrow_cow_bytes::CowBytesVisitor as serde::de::Visitor>::expecting
                0x00000000000245e0                serde::__private::de::content::Content::as_str
                0x0000000000024660                <serde::__private::de::content::ContentVisitor as serde::de::Visitor>::expecting
                0x0000000000024680                <serde::__private::de::content::TagOrContentVisitor as serde::de::Visitor>::expecting
                0x00000000000246e0                <serde::__private::de::content::TagOrContentFieldVisitor as serde::de::Visitor>::expecting
                0x0000000000024750                <serde::__private::de::content::TagContentOtherFieldVisitor as serde::de::Visitor>::expecting
                0x00000000000247c0                <serde::__private::de::content::InternallyTaggedUnitVisitor as serde::de::Visitor>::expecting
                0x00000000000247c0                <serde::__private::de::content::UntaggedUnitVisitor as serde::de::Visitor>::expecting
                0x0000000000024830                serde::__private::de::flat_map_take_entry
                0x0000000000024950                <serde::__private::ser::Unsupported as core::fmt::Display>::fmt
                0x0000000000024a20                <serde::__private::doc::Error as core::error::Error>::description
                0x0000000000024a40                <serde::__private::doc::Error as core::fmt::Display>::fmt
                0x0000000000024a60                serde::__private::string::from_utf8_lossy
                0x0000000000024a70                <serde::de::impls::<impl serde::de::Deserialize for core::num::nonzero::NonZero<i8>>::deserialize::NonZeroVisitor as serde::de::Visitor>::expecting
                0x0000000000024a90                <serde::de::impls::<impl serde::de::Deserialize for core::num::saturating::Saturating<u16>>::deserialize::SaturatingVisitor as serde::de::Visitor>::expecting
                0x0000000000024a90                <serde::de::impls::<impl serde::de::Deserialize for core::num::saturating::Saturating<u128>>::deserialize::SaturatingVisitor as serde::de::Visitor>::expecting
                0x0000000000024a90                <serde::de::impls::<impl serde::de::Deserialize for core::num::saturating::Saturating<i16>>::deserialize::SaturatingVisitor as serde::de::Visitor>::expecting
                0x0000000000024a90                <serde::de::impls::<impl serde::de::Deserialize for core::num::saturating::Saturating<i8>>::deserialize::SaturatingVisitor as serde::de::Visitor>::expecting
                0x0000000000024a90                <serde::de::impls::<impl serde::de::Deserialize for core::num::saturating::Saturating<usize>>::deserialize::SaturatingVisitor as serde::de::Visitor>::expecting
                0x0000000000024a90                <serde::de::impls::<impl serde::de::Deserialize for core::num::saturating::Saturating<isize>>::deserialize::SaturatingVisitor as serde::de::Visitor>::expecting
                0x0000000000024a90                <serde::de::impls::<impl serde::de::Deserialize for core::num::saturating::Saturating<u8>>::deserialize::SaturatingVisitor as serde::de::Visitor>::expecting
                0x0000000000024a90                <serde::de::impls::<impl serde::de::Deserialize for core::num::saturating::Saturating<u32>>::deserialize::SaturatingVisitor as serde::de::Visitor>::expecting
                0x0000000000024a90                <serde::de::impls::<impl serde::de::Deserialize for core::num::saturating::Saturating<i128>>::deserialize::SaturatingVisitor as serde::de::Visitor>::expecting
                0x0000000000024a90                <serde::de::impls::<impl serde::de::Deserialize for core::num::saturating::Saturating<u64>>::deserialize::SaturatingVisitor as serde::de::Visitor>::expecting
                0x0000000000024a90                <serde::de::impls::<impl serde::de::Deserialize for core::num::saturating::Saturating<i32>>::deserialize::SaturatingVisitor as serde::de::Visitor>::expecting
                0x0000000000024a90                <serde::de::impls::<impl serde::de::Deserialize for core::num::saturating::Saturating<i64>>::deserialize::SaturatingVisitor as serde::de::Visitor>::expecting
                0x0000000000024ab0                <serde::de::impls::<impl serde::de::Deserialize for i8>::deserialize::PrimitiveVisitor as serde::de::Visitor>::expecting
                0x0000000000024ad0                <serde::de::impls::<impl serde::de::Deserialize for core::num::nonzero::NonZero<i16>>::deserialize::NonZeroVisitor as serde::de::Visitor>::expecting
                0x0000000000024af0                <serde::de::impls::<impl serde::de::Deserialize for i16>::deserialize::PrimitiveVisitor as serde::de::Visitor>::expecting
                0x0000000000024b10                <serde::de::impls::<impl serde::de::Deserialize for core::num::nonzero::NonZero<i32>>::deserialize::NonZeroVisitor as serde::de::Visitor>::expecting
                0x0000000000024b30                <serde::de::impls::<impl serde::de::Deserialize for i32>::deserialize::PrimitiveVisitor as serde::de::Visitor>::expecting
                0x0000000000024b50                <serde::de::impls::<impl serde::de::Deserialize for core::num::nonzero::NonZero<i64>>::deserialize::NonZeroVisitor as serde::de::Visitor>::expecting
                0x0000000000024b70                <serde::de::impls::<impl serde::de::Deserialize for i64>::deserialize::PrimitiveVisitor as serde::de::Visitor>::expecting
                0x0000000000024b90                <serde::de::impls::<impl serde::de::Deserialize for core::num::nonzero::NonZero<isize>>::deserialize::NonZeroVisitor as serde::de::Visitor>::expecting
                0x0000000000024bb0                <serde::de::impls::<impl serde::de::Deserialize for isize>::deserialize::PrimitiveVisitor as serde::de::Visitor>::expecting
                0x0000000000024bd0                <serde::de::impls::<impl serde::de::Deserialize for core::num::nonzero::NonZero<u8>>::deserialize::NonZeroVisitor as serde::de::Visitor>::expecting
                0x0000000000024bf0                <serde::de::impls::<impl serde::de::Deserialize for u8>::deserialize::PrimitiveVisitor as serde::de::Visitor>::expecting
                0x0000000000024c10                <serde::de::impls::<impl serde::de::Deserialize for core::num::nonzero::NonZero<u16>>::deserialize::NonZeroVisitor as serde::de::Visitor>::expecting
                0x0000000000024c30                <serde::de::impls::<impl serde::de::Deserialize for u16>::deserialize::PrimitiveVisitor as serde::de::Visitor>::expecting
                0x0000000000024c50                <serde::de::impls::<impl serde::de::Deserialize for core::num::nonzero::NonZero<u32>>::deserialize::NonZeroVisitor as serde::de::Visitor>::expecting
                0x0000000000024c70                <serde::de::impls::<impl serde::de::Deserialize for u32>::deserialize::PrimitiveVisitor as serde::de::Visitor>::expecting
                0x0000000000024c90                <serde::de::impls::<impl serde::de::Deserialize for core::num::nonzero::NonZero<u64>>::deserialize::NonZeroVisitor as serde::de::Visitor>::expecting
                0x0000000000024cb0                <serde::de::impls::<impl serde::de::Deserialize for u64>::deserialize::PrimitiveVisitor as serde::de::Visitor>::expecting
                0x0000000000024cd0                <serde::de::impls::<impl serde::de::Deserialize for core::num::nonzero::NonZero<usize>>::deserialize::NonZeroVisitor as serde::de::Visitor>::expecting
                0x0000000000024cf0                <serde::de::impls::<impl serde::de::Deserialize for usize>::deserialize::PrimitiveVisitor as serde::de::Visitor>::expecting
                0x0000000000024d10                <serde::de::impls::<impl serde::de::Deserialize for f32>::deserialize::PrimitiveVisitor as serde::de::Visitor>::expecting
                0x0000000000024d30                <serde::de::impls::<impl serde::de::Deserialize for f64>::deserialize::PrimitiveVisitor as serde::de::Visitor>::expecting
                0x0000000000024d50                <serde::de::impls::<impl serde::de::Deserialize for core::num::nonzero::NonZero<i128>>::deserialize::NonZeroVisitor as serde::de::Visitor>::expecting
                0x0000000000024d70                <serde::de::impls::<impl serde::de::Deserialize for i128>::deserialize::PrimitiveVisitor as serde::de::Visitor>::expecting
                0x0000000000024d90                <serde::de::impls::<impl serde::de::Deserialize for core::num::nonzero::NonZero<u128>>::deserialize::NonZeroVisitor as serde::de::Visitor>::expecting
                0x0000000000024db0                <serde::de::impls::<impl serde::de::Deserialize for u128>::deserialize::PrimitiveVisitor as serde::de::Visitor>::expecting
                0x0000000000024dd0                <serde::de::impls::<impl serde::de::Deserialize for core::net::ip_addr::IpAddr>::deserialize::EnumVisitor as serde::de::Visitor>::expecting
                0x0000000000024df0                <<serde::de::impls::<impl serde::de::Deserialize for core::net::socket_addr::SocketAddr>::deserialize::SocketAddrKind as serde::de::Deserialize>::deserialize::KindVisitor as serde::de::Visitor>::expecting
                0x0000000000024df0                <<serde::de::impls::<impl serde::de::Deserialize for core::net::ip_addr::IpAddr>::deserialize::IpAddrKind as serde::de::Deserialize>::deserialize::KindVisitor as serde::de::Visitor>::expecting
                0x0000000000024e10                <serde::de::impls::<impl serde::de::Deserialize for core::net::socket_addr::SocketAddr>::deserialize::EnumVisitor as serde::de::Visitor>::expecting
                0x0000000000024e30                <<serde::de::impls::OsStringKind as serde::de::Deserialize>::deserialize::KindVisitor as serde::de::Visitor>::expecting
                0x0000000000024e50                serde::ser::fmt::<impl serde::ser::Serializer for &mut core::fmt::Formatter>::serialize_bool
                0x0000000000024e70                serde::ser::fmt::<impl serde::ser::Serializer for &mut core::fmt::Formatter>::serialize_i8
                0x0000000000024e90                serde::ser::fmt::<impl serde::ser::Serializer for &mut core::fmt::Formatter>::serialize_i16
                0x0000000000024eb0                serde::ser::fmt::<impl serde::ser::Serializer for &mut core::fmt::Formatter>::serialize_i32
                0x0000000000024ed0                serde::ser::fmt::<impl serde::ser::Serializer for &mut core::fmt::Formatter>::serialize_i64
                0x0000000000024ef0                serde::ser::fmt::<impl serde::ser::Serializer for &mut core::fmt::Formatter>::serialize_i128
                0x0000000000024f20                serde::ser::fmt::<impl serde::ser::Serializer for &mut core::fmt::Formatter>::serialize_u8
                0x0000000000024f40                serde::ser::fmt::<impl serde::ser::Serializer for &mut core::fmt::Formatter>::serialize_u16
                0x0000000000024f60                serde::ser::fmt::<impl serde::ser::Serializer for &mut core::fmt::Formatter>::serialize_u32
                0x0000000000024f80                serde::ser::fmt::<impl serde::ser::Serializer for &mut core::fmt::Formatter>::serialize_u64
                0x0000000000024fa0                serde::ser::fmt::<impl serde::ser::Serializer for &mut core::fmt::Formatter>::serialize_u128
                0x0000000000024fd0                serde::ser::fmt::<impl serde::ser::Serializer for &mut core::fmt::Formatter>::serialize_f32
                0x0000000000024ff0                serde::ser::fmt::<impl serde::ser::Serializer for &mut core::fmt::Formatter>::serialize_f64
                0x0000000000025010                serde::ser::fmt::<impl serde::ser::Serializer for &mut core::fmt::Formatter>::serialize_char
                0x0000000000025030                serde::ser::fmt::<impl serde::ser::Serializer for &mut core::fmt::Formatter>::serialize_str
                0x0000000000025030                serde::ser::fmt::<impl serde::ser::Serializer for &mut core::fmt::Formatter>::serialize_unit_struct
 *fill*         0x0000000000025042        0xe 
 .text          0x0000000000025050     0x2700 /tmp/tmp.XUEZrZqrUw.o
                0x0000000000025b90                alloc::raw_vec::RawVec<T,A>::grow_one
                0x0000000000025c70                anyhow::chain::<impl core::iter::traits::iterator::Iterator for anyhow::Chain>::next
                0x0000000000025cd0                anyhow::chain::<impl core::iter::traits::iterator::Iterator for anyhow::Chain>::size_hint
                0x0000000000025d30                anyhow::chain::<impl core::iter::traits::double_ended::DoubleEndedIterator for anyhow::Chain>::next_back
                0x0000000000025eb0                anyhow::chain::<impl core::iter::traits::exact_size::ExactSizeIterator for anyhow::Chain>::len
                0x0000000000025f00                anyhow::chain::<impl core::default::Default for anyhow::Chain>::default
                0x0000000000025f30                <anyhow::context::Quoted<&mut core::fmt::Formatter> as core::fmt::Write>::write_str
                0x0000000000025f60                <anyhow::ensure::Buf as core::fmt::Write>::write_str
                0x0000000000025fd0                anyhow::ensure::render
                0x0000000000026340                anyhow::error::<impl anyhow::Error>::backtrace
                0x00000000000263c0                anyhow::error::<impl anyhow::Error>::root_cause
                0x0000000000026410                anyhow::error::<impl anyhow::Error>::into_boxed_dyn_error
                0x0000000000026420                anyhow::error::<impl anyhow::Error>::reallocate_into_boxed_dyn_error_without_backtrace
                0x0000000000026430                anyhow::error::<impl anyhow::Error>::provide
                0x0000000000026490                anyhow::error::<impl anyhow::Error>::thiserror_provide
                0x00000000000264f0                anyhow::error::<impl core::ops::deref::Deref for anyhow::Error>::deref
                0x00000000000264f0                anyhow::error::<impl core::ops::deref::DerefMut for anyhow::Error>::deref_mut
                0x0000000000026500                anyhow::error::<impl core::fmt::Display for anyhow::Error>::fmt
                0x00000000000267f0                anyhow::error::<impl core::fmt::Debug for anyhow::Error>::fmt
                0x0000000000026800                anyhow::error::<impl core::ops::drop::Drop for anyhow::Error>::drop
                0x0000000000026d10                anyhow::error::ErrorImpl::error
                0x0000000000026d20                anyhow::error::ErrorImpl::provide
                0x0000000000026e10                anyhow::error::<impl core::convert::AsRef<dyn core::error::Error+core::marker::Sync+core::marker::Send> for anyhow::Error>::as_ref
                0x0000000000026e10                anyhow::error::<impl core::convert::AsRef<dyn core::error::Error> for anyhow::Error>::as_ref
                0x0000000000026e20                anyhow::fmt::<impl anyhow::error::ErrorImpl>::debug
                0x0000000000027640                anyhow::nightly::request_ref_backtrace
                0x0000000000027710                <anyhow::wrapper::BoxedError as core::fmt::Debug>::fmt
                0x0000000000027720                <anyhow::wrapper::BoxedError as core::fmt::Display>::fmt
                0x0000000000027730                <anyhow::wrapper::BoxedError as core::error::Error>::source
                0x0000000000027740                <anyhow::wrapper::BoxedError as core::error::Error>::provide
 .text          0x0000000000027750     0x3118 /tmp/tmp.CpWGVVMbdS.o
                0x0000000000027750                rand_chacha::chacha::abstract20::<impl core::convert::From<&rand_chacha::chacha::abstract20::ChaCha20Rng> for rand_chacha::chacha::ChaCha20Rng>::from
                0x0000000000027ae0                rand_chacha::chacha::abstract12::<impl core::convert::From<&rand_chacha::chacha::abstract12::ChaCha12Rng> for rand_chacha::chacha::ChaCha12Rng>::from
                0x0000000000027e70                <rand_chacha::chacha::ChaCha8Core as core::fmt::Debug>::fmt
                0x0000000000027e70                <rand_chacha::chacha::ChaCha12Core as core::fmt::Debug>::fmt
                0x0000000000027e70                <rand_chacha::chacha::ChaCha20Core as core::fmt::Debug>::fmt
                0x0000000000027e90                <rand_chacha::chacha::ChaCha8Rng as core::convert::From<rand_chacha::chacha::ChaCha8Core>>::from
                0x0000000000027e90                <rand_chacha::chacha::ChaCha20Rng as core::convert::From<rand_chacha::chacha::ChaCha20Core>>::from
                0x0000000000027e90                <rand_chacha::chacha::ChaCha12Rng as core::convert::From<rand_chacha::chacha::ChaCha12Core>>::from
                0x0000000000027f50                <rand_chacha::chacha::ChaCha8Rng as core::cmp::PartialEq>::eq
                0x0000000000027f50                <rand_chacha::chacha::ChaCha20Rng as core::cmp::PartialEq>::eq
                0x0000000000027f50                <rand_chacha::chacha::ChaCha12Rng as core::cmp::PartialEq>::eq
                0x0000000000027fe0                <rand_chacha::chacha::abstract8::ChaCha8Rng as core::convert::From<&rand_chacha::chacha::ChaCha8Rng>>::from
                0x0000000000027fe0                <rand_chacha::chacha::abstract12::ChaCha12Rng as core::convert::From<&rand_chacha::chacha::ChaCha12Rng>>::from
                0x0000000000027fe0                <rand_chacha::chacha::abstract20::ChaCha20Rng as core::convert::From<&rand_chacha::chacha::ChaCha20Rng>>::from
                0x0000000000028120                rand_chacha::chacha::abstract8::<impl core::convert::From<&rand_chacha::chacha::abstract8::ChaCha8Rng> for rand_chacha::chacha::ChaCha8Rng>::from
                0x00000000000284b0                rand_chacha::guts::refill_wide
                0x000000000002a400                rand_chacha::guts::set_stream_param
                0x000000000002a560                rand_chacha::guts::get_stream_param
                0x000000000002a6a0                rand_chacha::guts::get_seed
                0x000000000002a710                rand_chacha::guts::init_chacha
 *fill*         0x000000000002a868        0x8 
 .text          0x000000000002a870     0x5817 /tmp/tmp.tv7PXhWxYg.o
                0x000000000002a8d0                memchr::arch::all::memchr::One::iter
                0x000000000002a8f0                memchr::arch::all::memchr::Two::iter
                0x000000000002a910                memchr::arch::all::memchr::Three::iter
                0x000000000002a930                <memchr::arch::all::packedpair::DefaultFrequencyRank as memchr::arch::all::packedpair::HeuristicFrequencyRank>::rank
                0x000000000002a940                memchr::arch::all::twoway::Shift::forward
                0x000000000002aa30                memchr::arch::all::twoway::Shift::reverse
                0x000000000002ab40                memchr::arch::all::twoway::Suffix::forward
                0x000000000002ac60                memchr::arch::all::twoway::Suffix::reverse
                0x000000000002ad90                memchr::arch::all::twoway::ApproximateByteSet::new
                0x000000000002c710                <memchr::memmem::searcher::Searcher as core::fmt::Debug>::fmt
                0x000000000002c7c0                memchr::memmem::searcher::searcher_kind_one_byte
                0x000000000002c7f0                memchr::memmem::searcher::searcher_kind_two_way
                0x000000000002cbd0                memchr::memmem::searcher::searcher_kind_two_way_with_prefilter
                0x000000000002d200                memchr::memmem::searcher::searcher_kind_sse2
                0x000000000002d660                memchr::memmem::searcher::searcher_kind_avx2
                0x000000000002d780                <memchr::memmem::searcher::Prefilter as core::fmt::Debug>::fmt
                0x000000000002d850                memchr::memmem::searcher::prefilter_kind_fallback
                0x000000000002d910                memchr::memmem::searcher::prefilter_kind_sse2
                0x000000000002dbb0                memchr::memmem::searcher::prefilter_kind_avx2
                0x000000000002ddb0                <memchr::memmem::FindIter as core::iter::traits::iterator::Iterator>::next
                0x000000000002de30                <memchr::memmem::FindIter as core::iter::traits::iterator::Iterator>::size_hint
                0x000000000002deb0                <memchr::memmem::FindRevIter as core::iter::traits::iterator::Iterator>::next
                0x000000000002e6c0                memchr::arch::x86_64::memchr::memchr_raw::detect
                0x000000000002e970                memchr::arch::x86_64::memchr::memrchr_raw::detect
                0x000000000002ebe0                memchr::arch::x86_64::memchr::memchr2_raw::detect
                0x000000000002eec0                memchr::arch::x86_64::memchr::memrchr2_raw::detect
                0x000000000002f1e0                memchr::arch::x86_64::memchr::memchr3_raw::detect
                0x000000000002f570                memchr::arch::x86_64::memchr::memrchr3_raw::detect
                0x0000000000030030                memchr::arch::x86_64::memchr::count_raw::detect
 *fill*         0x0000000000030087        0x9 
 .text          0x0000000000030090     0x54c4 /tmp/tmp.Wwl2WY2avE.o
                0x0000000000030230                alloc::raw_vec::RawVec<T,A>::grow_one
                0x00000000000302e0                alloc::alloc::handle_alloc_error::ct_error
                0x0000000000030320                __rdl_oom
                0x00000000000303f0                <alloc::boxed::convert::<impl core::convert::From<alloc::string::String> for alloc::boxed::Box<dyn core::error::Error+core::marker::Sync+core::marker::Send>>::from::StringError as core::error::Error>::description
                0x0000000000030400                <alloc::boxed::convert::<impl core::convert::From<alloc::string::String> for alloc::boxed::Box<dyn core::error::Error+core::marker::Sync+core::marker::Send>>::from::StringError as core::fmt::Display>::fmt
                0x0000000000030420                <alloc::boxed::convert::<impl core::convert::From<alloc::string::String> for alloc::boxed::Box<dyn core::error::Error+core::marker::Sync+core::marker::Send>>::from::StringError as core::fmt::Debug>::fmt
                0x0000000000030440                alloc::boxed::convert::<impl core::convert::From<alloc::string::String> for alloc::boxed::Box<dyn core::error::Error>>::from
                0x00000000000304c0                alloc::boxed::convert::<impl core::convert::From<&str> for alloc::boxed::Box<dyn core::error::Error>>::from
                0x00000000000305a0                alloc::boxed::convert::<impl core::convert::From<alloc::borrow::Cow<str>> for alloc::boxed::Box<dyn core::error::Error+core::marker::Sync+core::marker::Send>>::from
                0x0000000000030690                alloc::boxed::convert::<impl core::convert::From<alloc::borrow::Cow<str>> for alloc::boxed::Box<dyn core::error::Error>>::from
                0x0000000000030780                <alloc::boxed::Box<str> as core::clone::Clone>::clone
                0x0000000000030800                <alloc::borrow::Cow<str> as core::ops::arith::AddAssign<&str>>::add_assign
                0x0000000000030a30                <alloc::borrow::Cow<str> as core::ops::arith::AddAssign>::add_assign
                0x0000000000030cb0                <alloc::collections::btree::map::UnorderedKeyError as core::fmt::Display>::fmt
                0x0000000000030cd0                <alloc::collections::btree::mem::replace::PanicGuard as core::ops::drop::Drop>::drop
                0x0000000000030ce0                <alloc::collections::TryReserveError as core::fmt::Display>::fmt
                0x0000000000030d50                alloc::ffi::c_str::FromVecWithNulError::as_bytes
                0x0000000000030d60                <&str as alloc::ffi::c_str::CString::new::SpecNewImpl>::spec_new_impl
                0x0000000000030d60                <&[u8] as alloc::ffi::c_str::CString::new::SpecNewImpl>::spec_new_impl
                0x0000000000030ea0                <&mut [u8] as alloc::ffi::c_str::CString::new::SpecNewImpl>::spec_new_impl
                0x0000000000030fe0                alloc::ffi::c_str::CString::from_vec_unchecked
                0x0000000000031010                alloc::ffi::c_str::CString::_from_vec_unchecked
                0x0000000000031140                alloc::ffi::c_str::CString::from_raw
                0x0000000000031160                alloc::ffi::c_str::CString::into_string
                0x0000000000031250                alloc::ffi::c_str::CString::into_bytes
                0x0000000000031270                alloc::ffi::c_str::CString::into_bytes_with_nul
                0x0000000000031270                <alloc::string::String as core::convert::From<alloc::boxed::Box<str>>>::from
                0x0000000000031280                alloc::string::<impl core::convert::From<alloc::string::String> for alloc::boxed::Box<str>>::from
                0x0000000000031280                alloc::ffi::c_str::CString::from_vec_with_nul_unchecked
                0x0000000000031300                alloc::ffi::c_str::CString::from_vec_with_nul
                0x0000000000031420                <alloc::ffi::c_str::CString as core::fmt::Debug>::fmt
                0x0000000000031440                <alloc::ffi::c_str::CString as core::default::Default>::default
                0x0000000000031480                alloc::ffi::c_str::<impl alloc::borrow::ToOwned for core::ffi::c_str::CStr>::to_owned
                0x0000000000031480                alloc::ffi::c_str::<impl core::convert::From<&core::ffi::c_str::CStr> for alloc::boxed::Box<core::ffi::c_str::CStr>>::from
                0x00000000000314f0                alloc::ffi::c_str::<impl core::default::Default for alloc::boxed::Box<core::ffi::c_str::CStr>>::default
                0x0000000000031530                <alloc::ffi::c_str::NulError as core::fmt::Display>::fmt
                0x00000000000315a0                <alloc::ffi::c_str::FromVecWithNulError as core::fmt::Display>::fmt
                0x0000000000031630                <alloc::ffi::c_str::IntoStringError as core::fmt::Display>::fmt
                0x0000000000031650                alloc::ffi::c_str::<impl alloc::borrow::ToOwned for core::ffi::c_str::CStr>::clone_into
                0x0000000000031770                <alloc::ffi::c_str::CString as core::convert::From<&core::ffi::c_str::CStr>>::from
                0x0000000000031770                alloc::ffi::c_str::<impl core::convert::From<&mut core::ffi::c_str::CStr> for alloc::boxed::Box<core::ffi::c_str::CStr>>::from
                0x00000000000317e0                alloc::ffi::c_str::<impl core::ffi::c_str::CStr>::to_string_lossy
                0x0000000000031800                alloc::ffi::c_str::CString::into_boxed_c_str
                0x0000000000031800                alloc::ffi::c_str::<impl core::ffi::c_str::CStr>::into_c_string
                0x0000000000031810                alloc::fmt::format::format_inner
                0x00000000000319b0                alloc::rc::rc_inner_layout_for_value_layout
                0x0000000000031a20                alloc::str::<impl str>::to_lowercase
                0x0000000000032720                alloc::str::<impl str>::to_uppercase
                0x0000000000033060                alloc::string::String::from_utf8_lossy
                0x00000000000332e0                alloc::string::String::from_utf8_lossy_owned
                0x0000000000033380                alloc::string::String::from_utf16
                0x0000000000033650                alloc::string::String::from_utf16le
                0x0000000000033b20                alloc::string::String::from_utf16le_lossy
                0x0000000000033fd0                alloc::string::String::from_utf16be
                0x0000000000034430                alloc::string::String::from_utf16be_lossy
                0x00000000000347e0                alloc::string::String::into_raw_parts
                0x0000000000034800                alloc::string::String::try_reserve
                0x00000000000348d0                alloc::string::String::try_reserve_exact
                0x0000000000034980                alloc::string::String::insert_bytes
                0x00000000000349f0                alloc::string::FromUtf8Error::as_bytes
                0x0000000000034a00                alloc::string::FromUtf8Error::into_utf8_lossy
                0x0000000000034c20                <alloc::string::FromUtf8Error as core::fmt::Display>::fmt
                0x0000000000034c30                <alloc::string::FromUtf16Error as core::fmt::Display>::fmt
                0x0000000000034c50                <alloc::string::String as core::clone::Clone>::clone
                0x0000000000034ce0                <alloc::string::String as core::clone::Clone>::clone_from
                0x00000000000350a0                <&alloc::string::String as core::str::pattern::Pattern>::into_searcher
                0x00000000000350c0                <alloc::string::String as core::convert::From<alloc::borrow::Cow<str>>>::from
                0x00000000000352f0                <alloc::string::IntoChars as core::fmt::Debug>::fmt
                0x0000000000035350                <alloc::string::Drain as core::fmt::Debug>::fmt
                0x00000000000353b0                <alloc::string::Drain as core::ops::drop::Drop>::drop
                0x0000000000035410                alloc::string::Drain::as_str
                0x0000000000035420                <alloc::string::Drain as core::convert::AsRef<[u8]>>::as_ref
                0x0000000000035420                <alloc::string::Drain as core::convert::AsRef<str>>::as_ref
                0x0000000000035430                <alloc::string::Drain as core::iter::traits::iterator::Iterator>::size_hint
                0x0000000000035460                alloc::sync::arcinner_layout_for_value_layout
                0x00000000000354d0                <alloc::vec::Vec<u8> as core::convert::From<&str>>::from
 *fill*         0x0000000000035554        0xc 
 .text          0x0000000000035560     0x6915 /tmp/tmp.QZE4G5uqjC.o
                0x0000000000036420                <rustc_demangle::legacy::Demangle as core::fmt::Display>::fmt
                0x0000000000037030                <rustc_demangle::v0::Demangle as core::fmt::Display>::fmt
                0x0000000000037070                <rustc_demangle::v0::Ident as core::fmt::Display>::fmt
                0x000000000003b000                rustc_demangle::demangle
                0x000000000003bbb0                rustc_demangle::try_demangle
                0x000000000003bc00                <rustc_demangle::DemangleStyle as core::fmt::Display>::fmt
                0x000000000003bc80                <rustc_demangle::Demangle as core::fmt::Display>::fmt
                0x000000000003be50                <rustc_demangle::Demangle as core::fmt::Debug>::fmt
 *fill*         0x000000000003be75        0xb 
 .text          0x000000000003be80     0xaadd /tmp/tmp.lLhsRXLX1d.o
                0x000000000003c2a0                compiler_builtins::float::conv::int_to_float::u32_to_f128_bits
                0x000000000003c2e0                compiler_builtins::float::conv::int_to_float::u64_to_f128_bits
                0x000000000003c330                compiler_builtins::float::conv::int_to_float::u128_to_f128_bits
                0x000000000003c3c0                <compiler_builtins::int::big::u256 as core::ops::bit::Shr<u32>>::shr
                0x000000000003c4e0                compiler_builtins::int::big::<impl compiler_builtins::int::HInt for u128>::zero_widen_mul
                0x000000000003c4e0                compiler_builtins::int::big::<impl compiler_builtins::int::HInt for i128>::zero_widen_mul
                0x000000000003c4e0                compiler_builtins::int::big::<impl compiler_builtins::int::HInt for u128>::widen_mul
                0x000000000003c630                compiler_builtins::int::big::<impl compiler_builtins::int::HInt for i128>::widen_mul
                0x000000000003c640                compiler_builtins::int::big::<impl compiler_builtins::int::HInt for i128>::widen_hi
                0x000000000003c640                compiler_builtins::int::big::<impl compiler_builtins::int::HInt for u128>::widen_hi
                0x000000000003c650                <compiler_builtins::int::big::u256 as compiler_builtins::int::DInt>::lo
                0x000000000003c650                <compiler_builtins::int::big::i256 as compiler_builtins::int::DInt>::lo
                0x000000000003c660                <compiler_builtins::int::big::i256 as compiler_builtins::int::DInt>::hi
                0x000000000003c660                <compiler_builtins::int::big::u256 as compiler_builtins::int::DInt>::hi
                0x000000000003c7c0                compiler_builtins::float::add::__addsf3
                0x000000000003c9e0                __addsf3
                0x000000000003c9f0                compiler_builtins::float::add::__adddf3
                0x000000000003cc60                __adddf3
                0x000000000003cc70                __addtf3
                0x000000000003cc80                compiler_builtins::float::cmp::__gtsf2
                0x000000000003cc80                compiler_builtins::float::cmp::__gesf2
                0x000000000003cce0                __gesf2
                0x000000000003cce0                __gtsf2
                0x000000000003cd40                compiler_builtins::float::cmp::__unordsf2
                0x000000000003cd60                __unordsf2
                0x000000000003cd80                compiler_builtins::float::cmp::__lesf2
                0x000000000003cd80                compiler_builtins::float::cmp::__nesf2
                0x000000000003cd80                compiler_builtins::float::cmp::__ltsf2
                0x000000000003cd80                compiler_builtins::float::cmp::__eqsf2
                0x000000000003cde0                __lesf2
                0x000000000003cde0                __ltsf2
                0x000000000003cde0                __eqsf2
                0x000000000003cde0                __nesf2
                0x000000000003ce40                compiler_builtins::float::cmp::__gedf2
                0x000000000003ce40                compiler_builtins::float::cmp::__gtdf2
                0x000000000003cea0                __gtdf2
                0x000000000003cea0                __gedf2
                0x000000000003cf00                compiler_builtins::float::cmp::__unorddf2
                0x000000000003cf40                __unorddf2
                0x000000000003cf80                compiler_builtins::float::cmp::__eqdf2
                0x000000000003cf80                compiler_builtins::float::cmp::__ledf2
                0x000000000003cf80                compiler_builtins::float::cmp::__nedf2
                0x000000000003cf80                compiler_builtins::float::cmp::__ltdf2
                0x000000000003cff0                __ltdf2
                0x000000000003cff0                __ledf2
                0x000000000003cff0                __nedf2
                0x000000000003cff0                __eqdf2
                0x000000000003d060                __gttf2
                0x000000000003d060                __getf2
                0x000000000003d100                __unordtf2
                0x000000000003d150                __letf2
                0x000000000003d150                __lttf2
                0x000000000003d150                __netf2
                0x000000000003d150                __eqtf2
                0x000000000003d200                compiler_builtins::float::conv::__floatunsisf
                0x000000000003d240                __floatunsisf
                0x000000000003d280                compiler_builtins::float::conv::__floatunsidf
                0x000000000003d2c0                __floatunsidf
                0x000000000003d300                compiler_builtins::float::conv::__floatundisf
                0x000000000003d360                __floatundisf
                0x000000000003d3c0                compiler_builtins::float::conv::__floatundidf
                0x000000000003d410                __floatundidf
                0x000000000003d460                compiler_builtins::float::conv::__floatuntisf
                0x000000000003d500                __floatuntisf
                0x000000000003d5a0                compiler_builtins::float::conv::__floatuntidf
                0x000000000003d630                __floatuntidf
                0x000000000003d6c0                __floatunsitf
                0x000000000003d710                __floatunditf
                0x000000000003d770                __floatuntitf
                0x000000000003d810                compiler_builtins::float::conv::__floatsisf
                0x000000000003d860                __floatsisf
                0x000000000003d8b0                compiler_builtins::float::conv::__floatsidf
                0x000000000003d900                __floatsidf
                0x000000000003d950                compiler_builtins::float::conv::__floatdisf
                0x000000000003d9c0                __floatdisf
                0x000000000003da30                compiler_builtins::float::conv::__floatdidf
                0x000000000003daa0                __floatdidf
                0x000000000003db10                compiler_builtins::float::conv::__floattisf
                0x000000000003dbd0                __floattisf
                0x000000000003dc90                compiler_builtins::float::conv::__floattidf
                0x000000000003dd40                __floattidf
                0x000000000003ddf0                __floatsitf
                0x000000000003de50                __floatditf
                0x000000000003ded0                __floattitf
                0x000000000003dfa0                compiler_builtins::float::conv::__fixunssfsi
                0x000000000003dfe0                __fixunssfsi
                0x000000000003e020                compiler_builtins::float::conv::__fixunssfdi
                0x000000000003e060                __fixunssfdi
                0x000000000003e0a0                compiler_builtins::float::conv::__fixunssfti
                0x000000000003e100                __fixunssfti
                0x000000000003e160                compiler_builtins::float::conv::__fixunsdfsi
                0x000000000003e1b0                __fixunsdfsi
                0x000000000003e200                compiler_builtins::float::conv::__fixunsdfdi
                0x000000000003e250                __fixunsdfdi
                0x000000000003e2a0                compiler_builtins::float::conv::__fixunsdfti
                0x000000000003e310                __fixunsdfti
                0x000000000003e380                __fixunstfsi
                0x000000000003e3d0                __fixunstfdi
                0x000000000003e430                __fixunstfti
                0x000000000003e4b0                compiler_builtins::float::conv::__fixsfsi
                0x000000000003e510                __fixsfsi
                0x000000000003e570                compiler_builtins::float::conv::__fixsfdi
                0x000000000003e5d0                __fixsfdi
                0x000000000003e630                compiler_builtins::float::conv::__fixsfti
                0x000000000003e6c0                __fixsfti
                0x000000000003e750                compiler_builtins::float::conv::__fixdfsi
                0x000000000003e7c0                __fixdfsi
                0x000000000003e830                compiler_builtins::float::conv::__fixdfdi
                0x000000000003e8b0                __fixdfdi
                0x000000000003e930                compiler_builtins::float::conv::__fixdfti
                0x000000000003e9e0                __fixdfti
                0x000000000003ea90                __fixtfsi
                0x000000000003eb10                __fixtfdi
                0x000000000003eba0                __fixtfti
                0x000000000003ec60                compiler_builtins::float::div::__divsf3
                0x000000000003eec0                __divsf3
                0x000000000003eed0                compiler_builtins::float::div::__divdf3
                0x000000000003f190                __divdf3
                0x000000000003f1a0                __divtf3
                0x000000000003f900                compiler_builtins::float::extend::__extendsfdf2
                0x000000000003f990                __extendsfdf2
                0x000000000003fa20                __gnu_h2f_ieee
                0x000000000003fa20                __extendhfsf2
                0x000000000003faa0                __extendhftf2
                0x000000000003fb60                __extendsftf2
                0x000000000003fc10                __extenddftf2
                0x000000000003fcf0                compiler_builtins::float::mul::__mulsf3
                0x000000000003fef0                __mulsf3
                0x000000000003ff00                compiler_builtins::float::mul::__muldf3
                0x0000000000040130                __muldf3
                0x0000000000040140                __multf3
                0x0000000000040700                compiler_builtins::float::pow::__powisf2
                0x0000000000040760                __powisf2
                0x00000000000407c0                compiler_builtins::float::pow::__powidf2
                0x0000000000040820                __powidf2
                0x0000000000040880                __powitf2
                0x0000000000040920                compiler_builtins::float::sub::__subsf3
                0x0000000000040930                __subsf3
                0x0000000000040940                compiler_builtins::float::sub::__subdf3
                0x0000000000040950                __subdf3
                0x0000000000040960                __subtf3
                0x0000000000040970                compiler_builtins::float::trunc::__truncdfsf2
                0x0000000000040a90                __truncdfsf2
                0x0000000000040bb0                __gnu_f2h_ieee
                0x0000000000040bb0                __truncsfhf2
                0x0000000000040c90                __truncdfhf2
                0x0000000000040dd0                __trunctfhf2
                0x0000000000040f70                __trunctfsf2
                0x00000000000410f0                __trunctfdf2
                0x0000000000041280                <f16 as compiler_builtins::float::Float>::normalize
                0x00000000000412b0                <f32 as compiler_builtins::float::Float>::normalize
                0x00000000000412d0                <f64 as compiler_builtins::float::Float>::normalize
                0x0000000000041300                <f128 as compiler_builtins::float::Float>::normalize
                0x0000000000041360                compiler_builtins::int::addsub::__rust_i128_add
                0x0000000000041360                compiler_builtins::int::addsub::__rust_u128_add
                0x0000000000041370                __rust_u128_add
                0x0000000000041370                __rust_i128_add
                0x0000000000041380                compiler_builtins::int::addsub::__rust_i128_addo
                0x00000000000413b0                __rust_i128_addo
                0x00000000000413e0                compiler_builtins::int::addsub::__rust_u128_addo
                0x0000000000041400                __rust_u128_addo
                0x0000000000041420                compiler_builtins::int::addsub::__rust_u128_sub
                0x0000000000041420                compiler_builtins::int::addsub::__rust_i128_sub
                0x0000000000041430                __rust_u128_sub
                0x0000000000041430                __rust_i128_sub
                0x0000000000041440                compiler_builtins::int::addsub::__rust_i128_subo
                0x0000000000041470                __rust_i128_subo
                0x00000000000414a0                compiler_builtins::int::addsub::__rust_u128_subo
                0x00000000000414c0                __rust_u128_subo
                0x00000000000414e0                <compiler_builtins::int::big::i256 as core::ops::bit::Shl<u32>>::shl
                0x00000000000414e0                <compiler_builtins::int::big::u256 as core::ops::bit::Shl<u32>>::shl
                0x00000000000414f0                compiler_builtins::int::bswap::__bswapsi2
                0x0000000000041500                __bswapsi2
                0x0000000000041510                compiler_builtins::int::bswap::__bswapdi2
                0x0000000000041520                __bswapdi2
                0x0000000000041530                compiler_builtins::int::bswap::__bswapti2
                0x0000000000041540                __bswapti2
                0x0000000000041550                compiler_builtins::int::leading_zeros::__clzsi2
                0x00000000000415c0                __clzsi2
                0x0000000000041630                compiler_builtins::int::leading_zeros::__clzdi2
                0x00000000000416d0                __clzdi2
                0x0000000000041770                compiler_builtins::int::leading_zeros::__clzti2
                0x00000000000418a0                __clzti2
                0x00000000000418b0                compiler_builtins::int::mul::__muldi3
                0x0000000000041910                __muldi3
                0x0000000000041970                compiler_builtins::int::mul::__multi3
                0x00000000000419c0                __multi3
                0x0000000000041a10                compiler_builtins::int::mul::__mulosi4
                0x0000000000041ac0                __mulosi4
                0x0000000000041b70                compiler_builtins::int::mul::__mulodi4
                0x0000000000041c30                __mulodi4
                0x0000000000041cf0                __rust_i128_mulo
                0x0000000000041cf0                __muloti4
                0x0000000000041e20                compiler_builtins::int::mul::__rust_i128_mulo
                0x0000000000041e20                compiler_builtins::int::mul::__muloti4
                0x0000000000041f50                compiler_builtins::int::mul::__rust_u128_mulo
                0x0000000000042000                __rust_u128_mulo
                0x00000000000420b0                compiler_builtins::int::sdiv::__divmodsi4
                0x0000000000042340                __divmodsi4
                0x0000000000042350                compiler_builtins::int::sdiv::__divsi3
                0x0000000000042490                __divsi3
                0x00000000000425d0                compiler_builtins::int::sdiv::__modsi3
                0x00000000000427c0                __modsi3
                0x00000000000427d0                compiler_builtins::int::sdiv::__divmoddi4
                0x0000000000042aa0                __divmoddi4
                0x0000000000042ab0                compiler_builtins::int::sdiv::__divdi3
                0x0000000000042c20                __divdi3
                0x0000000000042d90                compiler_builtins::int::sdiv::__moddi3
                0x0000000000042fe0                __moddi3
                0x0000000000042ff0                compiler_builtins::int::sdiv::__divmodti4
                0x0000000000043250                __divmodti4
                0x0000000000043260                compiler_builtins::int::sdiv::__divti3
                0x0000000000043370                __divti3
                0x0000000000043480                compiler_builtins::int::sdiv::__modti3
                0x0000000000043670                __modti3
                0x0000000000043680                compiler_builtins::int::shift::__ashlsi3
                0x00000000000436d0                __ashlsi3
                0x0000000000043720                compiler_builtins::int::shift::__ashldi3
                0x0000000000043760                __ashldi3
                0x00000000000437a0                compiler_builtins::int::shift::__ashlti3
                0x00000000000437e0                __ashlti3
                0x0000000000043820                compiler_builtins::int::shift::__ashrsi3
                0x0000000000043880                __ashrsi3
                0x00000000000438e0                compiler_builtins::int::shift::__ashrdi3
                0x0000000000043930                __ashrdi3
                0x0000000000043980                compiler_builtins::int::shift::__ashrti3
                0x00000000000439c0                __ashrti3
                0x0000000000043a00                compiler_builtins::int::shift::__lshrsi3
                0x0000000000043a50                __lshrsi3
                0x0000000000043aa0                compiler_builtins::int::shift::__lshrdi3
                0x0000000000043ae0                __lshrdi3
                0x0000000000043b20                compiler_builtins::int::shift::__lshrti3
                0x0000000000043b60                __lshrti3
                0x0000000000043ba0                compiler_builtins::int::trailing_zeros::__ctzsi2
                0x0000000000043c20                __ctzsi2
                0x0000000000043ca0                compiler_builtins::int::trailing_zeros::__ctzdi2
                0x0000000000043d30                __ctzdi2
                0x0000000000043dc0                compiler_builtins::int::trailing_zeros::__ctzti2
                0x0000000000043ed0                __ctzti2
                0x0000000000043ee0                compiler_builtins::int::udiv::__udivsi3
                0x0000000000043ff0                __udivsi3
                0x0000000000044100                compiler_builtins::int::udiv::__umodsi3
                0x00000000000441f0                __umodsi3
                0x00000000000442e0                compiler_builtins::int::udiv::__udivmodsi4
                0x0000000000044410                __udivmodsi4
                0x0000000000044540                compiler_builtins::int::udiv::__udivdi3
                0x0000000000044680                __udivdi3
                0x00000000000447c0                compiler_builtins::int::udiv::__umoddi3
                0x00000000000448e0                __umoddi3
                0x0000000000044a00                compiler_builtins::int::udiv::__udivmoddi4
                0x0000000000044b60                __udivmoddi4
                0x0000000000044cc0                compiler_builtins::int::udiv::__udivti3
                0x0000000000044d80                __udivti3
                0x0000000000044e40                compiler_builtins::int::udiv::__umodti3
                0x0000000000044f00                __umodti3
                0x0000000000044fc0                compiler_builtins::int::udiv::__udivmodti4
                0x00000000000450b0                __udivmodti4
                0x00000000000451a0                <u8 as compiler_builtins::int::Int>::abs_diff
                0x00000000000451c0                <u8 as compiler_builtins::int::Int>::ilog2
                0x00000000000451e0                <u8 as compiler_builtins::int::Int>::rotate_left
                0x00000000000451e0                <i8 as compiler_builtins::int::Int>::rotate_left
                0x00000000000451f0                <i8 as compiler_builtins::int::Int>::leading_zeros
                0x00000000000451f0                <u8 as compiler_builtins::int::Int>::leading_zeros
                0x0000000000045210                <i8 as compiler_builtins::int::Int>::ilog2
                0x0000000000045230                <u16 as compiler_builtins::int::Int>::ilog2
                0x0000000000045240                <i16 as compiler_builtins::int::Int>::rotate_left
                0x0000000000045240                <u16 as compiler_builtins::int::Int>::rotate_left
                0x0000000000045250                <i16 as compiler_builtins::int::Int>::leading_zeros
                0x0000000000045250                <u16 as compiler_builtins::int::Int>::leading_zeros
                0x0000000000045270                <i16 as compiler_builtins::int::Int>::ilog2
                0x0000000000045280                <u32 as compiler_builtins::int::Int>::ilog2
                0x0000000000045290                <i32 as compiler_builtins::int::Int>::rotate_left
                0x0000000000045290                <u32 as compiler_builtins::int::Int>::rotate_left
                0x00000000000452a0                <u32 as compiler_builtins::int::Int>::leading_zeros
                0x00000000000452a0                <i32 as compiler_builtins::int::Int>::leading_zeros
                0x00000000000452c0                <i32 as compiler_builtins::int::Int>::ilog2
                0x00000000000452d0                <u64 as compiler_builtins::int::Int>::ilog2
                0x00000000000452d0                <usize as compiler_builtins::int::Int>::ilog2
                0x00000000000452e0                <i64 as compiler_builtins::int::Int>::rotate_left
                0x00000000000452e0                <isize as compiler_builtins::int::Int>::rotate_left
                0x00000000000452e0                <usize as compiler_builtins::int::Int>::rotate_left
                0x00000000000452e0                <u64 as compiler_builtins::int::Int>::rotate_left
                0x00000000000452f0                <isize as compiler_builtins::int::Int>::leading_zeros
                0x00000000000452f0                <i64 as compiler_builtins::int::Int>::leading_zeros
                0x00000000000452f0                <u64 as compiler_builtins::int::Int>::leading_zeros
                0x00000000000452f0                <usize as compiler_builtins::int::Int>::leading_zeros
                0x0000000000045310                <isize as compiler_builtins::int::Int>::ilog2
                0x0000000000045310                <i64 as compiler_builtins::int::Int>::ilog2
                0x0000000000045320                <u128 as compiler_builtins::int::Int>::ilog2
                0x0000000000045350                <u128 as compiler_builtins::int::Int>::rotate_left
                0x0000000000045350                <i128 as compiler_builtins::int::Int>::rotate_left
                0x0000000000045370                <i128 as compiler_builtins::int::Int>::leading_zeros
                0x0000000000045370                <u128 as compiler_builtins::int::Int>::leading_zeros
                0x00000000000453a0                <i128 as compiler_builtins::int::Int>::ilog2
                0x00000000000453d0                compiler_builtins::mem::memcpy
                0x0000000000045400                compiler_builtins::mem::memmove
                0x0000000000045480                compiler_builtins::mem::memset
                0x00000000000454d0                compiler_builtins::mem::memcmp
                0x00000000000455d0                compiler_builtins::mem::bcmp
                0x00000000000456d0                compiler_builtins::mem::strlen
                0x0000000000045760                compiler_builtins::mem::__llvm_memcpy_element_unordered_atomic_1
                0x00000000000457d0                __llvm_memcpy_element_unordered_atomic_1
                0x0000000000045840                compiler_builtins::mem::__llvm_memcpy_element_unordered_atomic_2
                0x00000000000458f0                __llvm_memcpy_element_unordered_atomic_2
                0x00000000000459a0                compiler_builtins::mem::__llvm_memcpy_element_unordered_atomic_4
                0x0000000000045a30                __llvm_memcpy_element_unordered_atomic_4
                0x0000000000045ac0                compiler_builtins::mem::__llvm_memcpy_element_unordered_atomic_8
                0x0000000000045b60                __llvm_memcpy_element_unordered_atomic_8
                0x0000000000045c00                compiler_builtins::mem::__llvm_memmove_element_unordered_atomic_1
                0x0000000000045cf0                __llvm_memmove_element_unordered_atomic_1
                0x0000000000045de0                compiler_builtins::mem::__llvm_memmove_element_unordered_atomic_2
                0x0000000000045f20                __llvm_memmove_element_unordered_atomic_2
                0x0000000000046060                compiler_builtins::mem::__llvm_memmove_element_unordered_atomic_4
                0x0000000000046180                __llvm_memmove_element_unordered_atomic_4
                0x00000000000462a0                compiler_builtins::mem::__llvm_memmove_element_unordered_atomic_8
                0x00000000000463d0                __llvm_memmove_element_unordered_atomic_8
                0x0000000000046500                compiler_builtins::mem::__llvm_memset_element_unordered_atomic_1
                0x0000000000046570                __llvm_memset_element_unordered_atomic_1
                0x00000000000465e0                compiler_builtins::mem::__llvm_memset_element_unordered_atomic_2
                0x0000000000046670                __llvm_memset_element_unordered_atomic_2
                0x0000000000046700                compiler_builtins::mem::__llvm_memset_element_unordered_atomic_4
                0x0000000000046790                __llvm_memset_element_unordered_atomic_4
                0x0000000000046820                compiler_builtins::mem::__llvm_memset_element_unordered_atomic_8
                0x00000000000468c0                __llvm_memset_element_unordered_atomic_8
 *fill*         0x000000000004695d        0x3 
 .text          0x0000000000046960     0xc802 /tmp/tmp.H2TKo5E1Fl.o
                0x0000000000046ba0                std::io::error::Error::new
                0x0000000000049820                alloc::raw_vec::RawVec<T,A>::grow_one
                0x0000000000049b70                serde_json::de::ParserNumber::invalid_type
                0x000000000004a2f0                serde_json::de::<impl core::str::traits::FromStr for serde_json::number::Number>::from_str
                0x000000000004a6b0                serde_json::error::Error::io_error_kind
                0x000000000004a770                serde_json::error::<impl core::convert::From<serde_json::error::Error> for std::io::error::Error>::from
                0x000000000004a7d0                <serde_json::error::ErrorCode as core::fmt::Display>::fmt
                0x000000000004a970                <serde_json::error::Error as core::error::Error>::source
                0x000000000004a990                <serde_json::error::Error as core::fmt::Display>::fmt
                0x000000000004aa30                <serde_json::error::ErrorImpl as core::fmt::Display>::fmt
                0x000000000004aad0                <serde_json::error::Error as core::fmt::Debug>::fmt
                0x000000000004ac70                <serde_json::error::JsonUnexpected as core::fmt::Display>::fmt
                0x000000000004adb0                serde_json::error::make_error
                0x000000000004b5b0                <<serde_json::map::Map<alloc::string::String,serde_json::value::Value> as serde::de::Deserialize>::deserialize::Visitor as serde::de::Visitor>::expecting
                0x000000000004b5d0                serde_json::map::Entry::key
                0x000000000004b600                serde_json::map::Entry::or_insert
                0x000000000004b8d0                serde_json::ser::key_must_be_a_string
                0x000000000004b8d0                serde_json::value::ser::key_must_be_a_string
                0x000000000004b8f0                serde_json::ser::float_key_must_be_finite
                0x000000000004b910                <serde_json::value::Value as core::fmt::Debug>::fmt
                0x000000000004bba0                <serde_json::value::Value as core::fmt::Display>::fmt
                0x000000000004bc60                <<serde_json::value::Value as core::fmt::Display>::fmt::WriterFormatter as std::io::Write>::write
                0x000000000004bca0                serde_json::value::Value::pointer
                0x000000000004bff0                serde_json::value::Value::pointer_mut
                0x000000000004d460                <serde_json::value::de::<impl serde::de::Deserialize for serde_json::value::Value>::deserialize::ValueVisitor as serde::de::Visitor>::expecting
                0x000000000004d480                serde_json::value::de::<impl core::str::traits::FromStr for serde_json::value::Value>::from_str
                0x000000000004d5f0                <serde_json::value::de::VariantDeserializer as serde::de::VariantAccess>::unit_variant
                0x000000000004d650                serde_json::value::de::SeqDeserializer::new
                0x000000000004d680                <serde_json::value::de::SeqDeserializer as serde::de::SeqAccess>::size_hint
                0x000000000004d6a0                serde_json::value::de::MapDeserializer::new
                0x000000000004d6f0                <serde_json::value::de::VariantRefDeserializer as serde::de::VariantAccess>::unit_variant
                0x000000000004d710                <serde_json::value::de::SeqRefDeserializer as serde::de::SeqAccess>::size_hint
                0x000000000004d730                <serde_json::value::de::KeyClassifier as serde::de::Visitor>::expecting
                0x000000000004d750                serde_json::value::from::<impl core::convert::From<f32> for serde_json::value::Value>::from
                0x000000000004d7d0                serde_json::value::from::<impl core::convert::From<f64> for serde_json::value::Value>::from
                0x000000000004d860                serde_json::value::from::<impl core::convert::From<&str> for serde_json::value::Value>::from
                0x000000000004d8f0                serde_json::value::from::<impl core::convert::From<alloc::borrow::Cow<str>> for serde_json::value::Value>::from
                0x000000000004d990                <usize as serde_json::value::index::Index>::index_or_insert
                0x000000000004dab0                <str as serde_json::value::index::Index>::index_into
                0x000000000004dbc0                <str as serde_json::value::index::Index>::index_into_mut
                0x000000000004dcd0                <str as serde_json::value::index::Index>::index_or_insert
                0x000000000004dfe0                <alloc::string::String as serde_json::value::index::Index>::index_into
                0x000000000004e0f0                <alloc::string::String as serde_json::value::index::Index>::index_into_mut
                0x000000000004e200                <alloc::string::String as serde_json::value::index::Index>::index_or_insert
                0x000000000004e220                <serde_json::value::index::Type as core::fmt::Display>::fmt
                0x000000000004e2a0                serde_json::value::partial_eq::<impl core::cmp::PartialEq<str> for serde_json::value::Value>::eq
                0x000000000004e2d0                serde_json::value::partial_eq::<impl core::cmp::PartialEq<&str> for serde_json::value::Value>::eq
                0x000000000004e300                serde_json::value::partial_eq::<impl core::cmp::PartialEq<serde_json::value::Value> for str>::eq
                0x000000000004e330                serde_json::value::partial_eq::<impl core::cmp::PartialEq<serde_json::value::Value> for &str>::eq
                0x000000000004e360                serde_json::value::partial_eq::<impl core::cmp::PartialEq<alloc::string::String> for serde_json::value::Value>::eq
                0x000000000004e390                serde_json::value::partial_eq::<impl core::cmp::PartialEq<serde_json::value::Value> for alloc::string::String>::eq
                0x000000000004f050                <serde_json::value::ser::Serializer as serde::ser::Serializer>::serialize_i128
                0x000000000004f0d0                <serde_json::value::ser::Serializer as serde::ser::Serializer>::serialize_u128
                0x000000000004f120                <serde_json::value::ser::Serializer as serde::ser::Serializer>::serialize_bytes
                0x000000000004f250                <serde_json::value::ser::Serializer as serde::ser::Serializer>::serialize_seq
                0x000000000004f2f0                <serde_json::value::ser::Serializer as serde::ser::Serializer>::serialize_tuple
                0x000000000004f390                <serde_json::value::ser::Serializer as serde::ser::Serializer>::serialize_tuple_struct
                0x000000000004f430                <serde_json::value::ser::Serializer as serde::ser::Serializer>::serialize_tuple_variant
                0x000000000004f560                <serde_json::value::ser::Serializer as serde::ser::Serializer>::serialize_struct_variant
                0x000000000004f600                <serde_json::value::ser::SerializeTupleVariant as serde::ser::SerializeTupleVariant>::end
                0x000000000004f6b0                <serde_json::value::ser::SerializeMap as serde::ser::SerializeMap>::end
                0x000000000004f720                <serde_json::value::ser::MapKeySerializer as serde::ser::Serializer>::serialize_bool
                0x000000000004f7b0                <serde_json::value::ser::MapKeySerializer as serde::ser::Serializer>::serialize_i8
                0x000000000004f8a0                <serde_json::value::ser::MapKeySerializer as serde::ser::Serializer>::serialize_i16
                0x000000000004f9f0                <serde_json::value::ser::MapKeySerializer as serde::ser::Serializer>::serialize_i32
                0x000000000004fb60                <serde_json::value::ser::MapKeySerializer as serde::ser::Serializer>::serialize_i64
                0x000000000004fcf0                <serde_json::value::ser::MapKeySerializer as serde::ser::Serializer>::serialize_i128
                0x0000000000050080                <serde_json::value::ser::MapKeySerializer as serde::ser::Serializer>::serialize_u8
                0x0000000000050160                <serde_json::value::ser::MapKeySerializer as serde::ser::Serializer>::serialize_u16